TAP version 13
# 🔌 DB: pooled pg → local postgres (max 20 conns, semaphore 15)
# Subtest: schedule calculation respects the configured timezone and cadence
ok 1 - schedule calculation respects the configured timezone and cadence
  ---
  duration_ms: 27.253243
  ...
# Subtest: invalid cron or timezone fails visibly rather than scheduling a fallback
ok 2 - invalid cron or timezone fails visibly rather than scheduling a fallback
  ---
  duration_ms: 0.954335
  ...
# Subtest: social scheduling rejects past dates and terminal posts
ok 3 - social scheduling rejects past dates and terminal posts
  ---
  duration_ms: 0.231941
  ...
# Subtest: every accepted negative callback has a bounded retry transition
ok 4 - every accepted negative callback has a bounded retry transition
  ---
  duration_ms: 0.157624
  ...
# Subtest: late negative callbacks cannot regress delivered jobs
ok 5 - late negative callbacks cannot regress delivered jobs
  ---
  duration_ms: 0.09165
  ...
# Subtest: publishing response, duplicate dispatch, and callback receipt races are fenced in source
ok 6 - publishing response, duplicate dispatch, and callback receipt races are fenced in source
  ---
  duration_ms: 109.686664
  ...
# Subtest: both scheduling entry points share the same tenant-scoped conditional write
ok 7 - both scheduling entry points share the same tenant-scoped conditional write
  ---
  duration_ms: 1.913377
  ...
# Subtest: dispatched publishing evidence cannot be deleted in a claim race
ok 8 - dispatched publishing evidence cannot be deleted in a claim race
  ---
  duration_ms: 0.902368
  ...
# Subtest: cap holds do not disappear merely because queued work is older than two hours
ok 9 - cap holds do not disappear merely because queued work is older than two hours
  ---
  duration_ms: 1.150333
  ...
# Subtest: schedule claiming and interrupted-run evidence share one transaction
ok 10 - schedule claiming and interrupted-run evidence share one transaction
  ---
  duration_ms: 1.52826
  ...
# Subtest: late publishing replies and exceptions are fenced to their dispatch attempt
ok 11 - late publishing replies and exceptions are fenced to their dispatch attempt
  ---
  duration_ms: 0.404945
  ...
# Subtest: manual credit corrections cannot over-remove a bucket and falsify its ledger delta
ok 12 - manual credit corrections cannot over-remove a bucket and falsify its ledger delta
  ---
  duration_ms: 0.258111
  ...
# Subtest: article requests control thinking by model family without changing output limits
ok 13 - article requests control thinking by model family without changing output limits
  ---
  duration_ms: 0.389811
  ...
# Subtest: installed SDK serializes thinking level without dropping schema or token ceiling
ok 14 - installed SDK serializes thinking level without dropping schema or token ceiling
  ---
  duration_ms: 5.60159
  ...
1..14
# tests 14
# suites 0
# pass 14
# fail 0
# cancelled 0
# skipped 0
# todo 0
# duration_ms 7437.659062
