TAP version 13
# 🔌 DB: tenant-aware pooled pg → Neon cloud (max 10 conns, semaphore 15)
# 🔧 OpenAI rate limiter initialized: 15 concurrent requests with Bottleneck
# 🔧 Gemini rate limiter initialized: 60000 requests/minute, max 50 concurrent
# Subtest: direct provider SDK submissions have adjacent centralized or immutable accounting
ok 1 - direct provider SDK submissions have adjacent centralized or immutable accounting
  ---
  duration_ms: 87.308929
  ...
# Subtest: provider boundaries never swallow immutable accounting failures
ok 2 - provider boundaries never swallow immutable accounting failures
  ---
  duration_ms: 54.591854
  ...
# Subtest: provider catches preserve accounting errors before rewrap, fallback, or retry
ok 3 - provider catches preserve accounting errors before rewrap, fallback, or retry
  ---
  duration_ms: 343.967484
  ...
# Subtest: named transitive provider callers preserve accounting failures at outer boundaries
not ok 4 - named transitive provider callers preserve accounting failures at outer boundaries
  ---
  duration_ms: 121.115965
  location: '/home/runner/workspace/tests/provider-accounting-boundary.test.ts:1:15674'
  failureType: 'testCodeFailure'
  error: |-
    Expected values to be strictly deep-equal:
    + actual - expected
    
    + [
    +   'lib/gemini.ts:58: Bottleneck failed handler must stop accounting errors before message/code classification'
    + ]
    - []
  code: 'ERR_ASSERTION'
  name: 'AssertionError'
  expected:
  actual:
    0: 'lib/gemini.ts:58: Bottleneck failed handler must stop accounting errors before message/code classification'
  operator: 'deepStrictEqual'
  stack: |-
    TestContext.<anonymous> (/home/runner/workspace/tests/provider-accounting-boundary.test.ts:582:10)
    Test.runInAsyncScope (node:async_hooks:206:9)
    Test.run (node:internal/test_runner/test:796:25)
    Test.processPendingSubtests (node:internal/test_runner/test:526:18)
    Test.postRun (node:internal/test_runner/test:889:19)
    Test.run (node:internal/test_runner/test:835:12)
    async Test.processPendingSubtests (node:internal/test_runner/test:526:7)
  ...
# Subtest: OpenAI TTS helpers propagate accounting failures unchanged
ok 5 - OpenAI TTS helpers propagate accounting failures unchanged
  ---
  duration_ms: 5.378626
  ...
# ❌ [article-generation:article-2235] PROVIDER_ACCOUNTING_FAILED (fatal) — final attempt
# ❌ [article-generation:article-2235-regeneration] GENERATION_ERROR (retry) — final attempt
# ⚠️ [SEAM3] Gemini model call in web process (WORKER_PROCESS not set). This request should go through the BullMQ job queue. Route: at <anonymous> (/home/runner/workspace/tests/provider-accounting-boundary.test.ts:748:9)
# Subtest: accounting failures are explicit, retain cause, and hold billing without retry
ok 6 - accounting failures are explicit, retain cause, and hold billing without retry
  ---
  duration_ms: 157.612531
  ...
# Subtest: optional provider fallbacks rethrow immutable accounting failures
ok 7 - optional provider fallbacks rethrow immutable accounting failures
  ---
  duration_ms: 0.612408
  ...
# Subtest: settled-result accounting helper preserves the exact transitive error object
ok 8 - settled-result accounting helper preserves the exact transitive error object
  ---
  duration_ms: 0.318374
  ...
# Subtest: ChatGPT review cannot convert accounting failure into a successful fallback
ok 9 - ChatGPT review cannot convert accounting failure into a successful fallback
  ---
  duration_ms: 0.439386
  ...
# ⚠️  Gemini rate limit, retrying in 1000ms (attempt 1/3)
# ⚠️  Gemini rate limit, retrying in 2000ms (attempt 2/3)
# ⚠️  Gemini rate limit, retrying in 4000ms (attempt 3/3)
# Subtest: Gemini limiter stops typed accounting terminals before 429/network classification
not ok 10 - Gemini limiter stops typed accounting terminals before 429/network classification
  ---
  duration_ms: 18.507826
  location: '/home/runner/workspace/tests/provider-accounting-boundary.test.ts:1:22087'
  failureType: 'testCodeFailure'
  error: |-
    typed receipt/accounting terminals must stop before message/code retry classification
    
    4 !== 1
    
  code: 'ERR_ASSERTION'
  name: 'AssertionError'
  expected: 1
  actual: 4
  operator: 'strictEqual'
  stack: |-
    TestContext.<anonymous> (/home/runner/workspace/tests/provider-accounting-boundary.test.ts:754:12)
    async Test.run (node:internal/test_runner/test:797:9)
    async Test.processPendingSubtests (node:internal/test_runner/test:526:7)
  ...
1..10
# tests 10
# suites 0
# pass 8
# fail 2
# cancelled 0
# skipped 0
# todo 0
# duration_ms 2766.985676
